******************************************************************************
                  MSP430 Linker PC v18.12.3                    
******************************************************************************
>> Linked Fri Jan 24 21:04:31 2020

OUTPUT FILE NAME:   <sikiciler.out>
ENTRY POINT SYMBOL: "_c_int00_noargs"  address: 0000d1fc


MEMORY CONFIGURATION

         name            origin    length      used     unused   attr    fill
----------------------  --------  ---------  --------  --------  ----  --------
  SFR                   00000000   00000010  00000000  00000010  RWIX
  PERIPHERALS_8BIT      00000010   000000f0  00000000  000000f0  RWIX
  PERIPHERALS_16BIT     00000100   00000100  00000000  00000100  RWIX
  RAM                   00000200   00000200  00000101  000000ff  RWIX
  INFOD                 00001000   00000040  00000000  00000040  RWIX
  INFOC                 00001040   00000040  00000000  00000040  RWIX
  INFOB                 00001080   00000040  00000000  00000040  RWIX
  INFOA                 000010c0   00000040  00000000  00000040  RWIX
  FLASH                 0000c000   00003fde  00001538  00002aa6  RWIX
  BSLSIGNATURE          0000ffde   00000002  00000002  00000000  RWIX  ffff 
  INT00                 0000ffe0   00000002  00000002  00000000  RWIX
  INT01                 0000ffe2   00000002  00000000  00000002  RWIX
  INT02                 0000ffe4   00000002  00000002  00000000  RWIX
  INT03                 0000ffe6   00000002  00000002  00000000  RWIX
  INT04                 0000ffe8   00000002  00000000  00000002  RWIX
  INT05                 0000ffea   00000002  00000002  00000000  RWIX
  INT06                 0000ffec   00000002  00000002  00000000  RWIX
  INT07                 0000ffee   00000002  00000002  00000000  RWIX
  INT08                 0000fff0   00000002  00000002  00000000  RWIX
  INT09                 0000fff2   00000002  00000002  00000000  RWIX
  INT10                 0000fff4   00000002  00000002  00000000  RWIX
  INT11                 0000fff6   00000002  00000002  00000000  RWIX
  INT12                 0000fff8   00000002  00000002  00000000  RWIX
  INT13                 0000fffa   00000002  00000002  00000000  RWIX
  INT14                 0000fffc   00000002  00000002  00000000  RWIX
  RESET                 0000fffe   00000002  00000002  00000000  RWIX


SECTION ALLOCATION MAP

 output                                  attributes/
section   page    origin      length       input sections
--------  ----  ----------  ----------   ----------------
.bss       0    00000200    000000a5     UNINITIALIZED
                  00000200    00000064     (.common:emre)
                  00000264    00000014     (.common:crcarr)
                  00000278    00000014     (.common:rev)
                  0000028c    00000014     (.common:son)
                  000002a0    00000002     (.common:boy)
                  000002a2    00000002     (.common:boy2)
                  000002a4    00000001     (.common:rx)

.data      0    000002a6    0000000c     UNINITIALIZED
                  000002a6    0000000c     main.obj (.data)

.stack     0    000003b0    00000050     UNINITIALIZED
                  000003b0    00000002     rts430_eabi.lib : boot.c.obj (.stack)
                  000003b2    0000004e     --HOLE--

.text      0    0000c000    0000130e     
                  0000c000    00000dac     main.obj (.text:main)
                  0000cdac    00000086     main.obj (.text:ayik)
                  0000ce32    0000007c     rts430_eabi.lib : copy_decompress_lzss.c.obj (.text:decompress:lzss:__TI_decompress_lzss)
                  0000ceae    0000007a     lcd.obj (.text:initialize)
                  0000cf28    00000054     lcd.obj (.text:send_data)
                  0000cf7c    00000050     lcd.obj (.text:command)
                  0000cfcc    0000004c     rts430_eabi.lib : lsr16.asm.obj (.text)
                  0000d018    00000042                     : autoinit.c.obj (.text:__TI_auto_init_nobinit_nopinit:__TI_auto_init_nobinit_nopinit)
                  0000d05a    00000034     lcd.obj (.text:gotoxy)
                  0000d08e    00000032     main.obj (.text:yaz)
                  0000d0c0    00000030     lcd.obj (.text:three_wire_control)
                  0000d0f0    0000002c     rts430_eabi.lib : div16s.asm.obj (.text)
                  0000d11c    0000002c                     : lsl16.asm.obj (.text)
                  0000d148    0000002a     main.obj (.text:USCI0RX_ISR)
                  0000d172    00000026     main.obj (.text:yaz2)
                  0000d198    00000024     main.obj (.text:clear)
                  0000d1bc    00000022     main.obj (.text:initUART)
                  0000d1de    0000001e     main.obj (.text:Uputs)
                  0000d1fc    0000001c     rts430_eabi.lib : boot.c.obj (.text:_c_int00_noargs)
                  0000d218    00000016     lcd.obj (.text:clearlcd)
                  0000d22e    00000016     lcd.obj (.text:enable)
                  0000d244    00000016     rts430_eabi.lib : div16u.asm.obj (.text)
                  0000d25a    00000016     lcd.obj (.text:write)
                  0000d270    00000014     rts430_eabi.lib : copy_zero_init.c.obj (.text:decompress:ZI:__TI_zero_init_nomemset:__TI_zero_init_nomemset)
                  0000d284    00000012                     : copy_decompress_none.c.obj (.text:decompress:none:__TI_decompress_none)
                  0000d296    00000012     main.obj (.text:initClockTo16MHz)
                  0000d2a8    00000012     main.obj (.text:initGPIO)
                  0000d2ba    00000012     rts430_eabi.lib : memcpy.c.obj (.text:memcpy)
                  0000d2cc    00000010     lcd.obj (.text:lcd_busy)
                  0000d2dc    00000010     rts430_eabi.lib : epilog.asm.obj (.text)
                  0000d2ec    0000000e     main.obj (.text:sendData)
                  0000d2fa    00000008     rts430_eabi.lib : isr_trap.asm.obj (.text:_isr:__TI_ISR_TRAP)
                  0000d302    00000006                     : exit.c.obj (.text:abort)
                  0000d308    00000004                     : pre_init.c.obj (.text:_system_pre_init)
                  0000d30c    00000002                     : startup.c.obj (.text:_system_post_cinit)

.const     0    0000d30e    0000020e     
                  0000d30e    0000020e     main.obj (.const:.string)

.cinit     0    0000d51c    0000001c     
                  0000d51c    0000000a     (.cinit..data.load) [load image, compression = lzss]
                  0000d526    00000006     (__TI_handler_table)
                  0000d52c    00000004     (.cinit..bss.load) [load image, compression = zero_init]
                  0000d530    00000008     (__TI_cinit_table)

.binit     0    0000c000    00000000     

.init_array 
*          0    0000c000    00000000     UNINITIALIZED

TRAPINT    0    0000ffe0    00000002     
                  0000ffe0    00000002     rts430_eabi.lib : int00.asm.obj (.int00)

PORT1      0    0000ffe4    00000002     
                  0000ffe4    00000002     rts430_eabi.lib : int02.asm.obj (.int02)

PORT2      0    0000ffe6    00000002     
                  0000ffe6    00000002     rts430_eabi.lib : int03.asm.obj (.int03)

ADC10      0    0000ffea    00000002     
                  0000ffea    00000002     rts430_eabi.lib : int05.asm.obj (.int05)

USCIAB0TX 
*          0    0000ffec    00000002     
                  0000ffec    00000002     rts430_eabi.lib : int06.asm.obj (.int06)

USCIAB0RX 
*          0    0000ffee    00000002     
                  0000ffee    00000002     main.obj (.int07)

TIMER0_A1 
*          0    0000fff0    00000002     
                  0000fff0    00000002     rts430_eabi.lib : int08.asm.obj (.int08)

TIMER0_A0 
*          0    0000fff2    00000002     
                  0000fff2    00000002     rts430_eabi.lib : int09.asm.obj (.int09)

WDT        0    0000fff4    00000002     
                  0000fff4    00000002     rts430_eabi.lib : int10.asm.obj (.int10)

COMPARATORA 
*          0    0000fff6    00000002     
                  0000fff6    00000002     rts430_eabi.lib : int11.asm.obj (.int11)

TIMER1_A1 
*          0    0000fff8    00000002     
                  0000fff8    00000002     rts430_eabi.lib : int12.asm.obj (.int12)

TIMER1_A0 
*          0    0000fffa    00000002     
                  0000fffa    00000002     rts430_eabi.lib : int13.asm.obj (.int13)

NMI        0    0000fffc    00000002     
                  0000fffc    00000002     rts430_eabi.lib : int14.asm.obj (.int14)

.reset     0    0000fffe    00000002     
                  0000fffe    00000002     rts430_eabi.lib : boot.c.obj (.reset)

$fill000   0    0000ffde    00000002     
                  0000ffde    00000002     --HOLE-- [fill = ffff]

MODULE SUMMARY

       Module                       code   ro data   rw data
       ------                       ----   -------   -------
    .\
       main.obj                     3914   528       177    
       lcd.obj                      468    0         0      
    +--+----------------------------+------+---------+---------+
       Total:                       4382   528       177    
                                                            
    C:\ti\ccs920\ccs\tools\compiler\ti-cgt-msp430_18.12.3.LTS\lib\rts430_eabi.lib
       copy_decompress_lzss.c.obj   124    0         0      
       lsr16.asm.obj                76     0         0      
       autoinit.c.obj               66     0         0      
       div16s.asm.obj               44     0         0      
       lsl16.asm.obj                44     0         0      
       boot.c.obj                   28     2         0      
       div16u.asm.obj               22     0         0      
       copy_zero_init.c.obj         20     0         0      
       copy_decompress_none.c.obj   18     0         0      
       memcpy.c.obj                 18     0         0      
       epilog.asm.obj               16     0         0      
       isr_trap.asm.obj             8      0         0      
       exit.c.obj                   6      0         0      
       pre_init.c.obj               4      0         0      
       int00.asm.obj                0      2         0      
       int02.asm.obj                0      2         0      
       int03.asm.obj                0      2         0      
       int05.asm.obj                0      2         0      
       int06.asm.obj                0      2         0      
       int08.asm.obj                0      2         0      
       int09.asm.obj                0      2         0      
       int10.asm.obj                0      2         0      
       int11.asm.obj                0      2         0      
       int12.asm.obj                0      2         0      
       int13.asm.obj                0      2         0      
       int14.asm.obj                0      2         0      
       startup.c.obj                2      0         0      
    +--+----------------------------+------+---------+---------+
       Total:                       496    26        0      
                                                            
       Stack:                       0      0         80     
       Linker Generated:            0      28        0      
    +--+----------------------------+------+---------+---------+
       Grand Total:                 4878   582       257    


LINKER GENERATED COPY TABLES

__TI_cinit_table @ 0000d530 records: 2, size/record: 4, table size: 8
	.data: load addr=0000d51c, load size=0000000a bytes, run addr=000002a6, run size=0000000c bytes, compression=lzss
	.bss: load addr=0000d52c, load size=00000004 bytes, run addr=00000200, run size=000000a5 bytes, compression=zero_init


LINKER GENERATED HANDLER TABLE

__TI_handler_table @ 0000d526 records: 3, size/record: 2, table size: 6
	index: 0, handler: __TI_zero_init
	index: 1, handler: __TI_decompress_lzss
	index: 2, handler: __TI_decompress_none


GLOBAL SYMBOLS: SORTED ALPHABETICALLY BY Name 

address   name                          
-------   ----                          
0000004a  ADC10AE0                      
000001b0  ADC10CTL0                     
000001b2  ADC10CTL1                     
00000048  ADC10DTC0                     
00000049  ADC10DTC1                     
000001b4  ADC10MEM                      
000001bc  ADC10SA                       
00000057  BCSCTL1                       
00000058  BCSCTL2                       
00000053  BCSCTL3                       
0000d302  C$$EXIT                       
00000059  CACTL1                        
0000005a  CACTL2                        
000010fb  CALBC1_12MHZ                  
000010f9  CALBC1_16MHZ                  
000010ff  CALBC1_1MHZ                   
000010fd  CALBC1_8MHZ                   
000010fa  CALDCO_12MHZ                  
000010f8  CALDCO_16MHZ                  
000010fe  CALDCO_1MHZ                   
000010fc  CALDCO_8MHZ                   
0000005b  CAPD                          
00000056  DCOCTL                        
00000128  FCTL1                         
0000012a  FCTL2                         
0000012c  FCTL3                         
00000000  IE1                           
00000001  IE2                           
00000002  IFG1                          
00000003  IFG2                          
00000022  P1DIR                         
00000025  P1IE                          
00000024  P1IES                         
00000023  P1IFG                         
00000020  P1IN                          
00000021  P1OUT                         
00000027  P1REN                         
00000026  P1SEL                         
00000041  P1SEL2                        
0000002a  P2DIR                         
0000002d  P2IE                          
0000002c  P2IES                         
0000002b  P2IFG                         
00000028  P2IN                          
00000029  P2OUT                         
0000002f  P2REN                         
0000002e  P2SEL                         
00000042  P2SEL2                        
0000001a  P3DIR                         
00000018  P3IN                          
00000019  P3OUT                         
00000010  P3REN                         
0000001b  P3SEL                         
00000043  P3SEL2                        
00000172  TA0CCR0                       
00000174  TA0CCR1                       
00000176  TA0CCR2                       
00000162  TA0CCTL0                      
00000164  TA0CCTL1                      
00000166  TA0CCTL2                      
00000160  TA0CTL                        
0000012e  TA0IV                         
00000170  TA0R                          
00000192  TA1CCR0                       
00000194  TA1CCR1                       
00000196  TA1CCR2                       
00000182  TA1CCTL0                      
00000184  TA1CCTL1                      
00000186  TA1CCTL2                      
00000180  TA1CTL                        
0000011e  TA1IV                         
00000190  TA1R                          
000010db  TLV_ADC10_1_LEN               
000010da  TLV_ADC10_1_TAG               
000010c0  TLV_CHECKSUM                  
000010f7  TLV_DCO_30_LEN                
000010f6  TLV_DCO_30_TAG                
0000005d  UCA0ABCTL                     
00000062  UCA0BR0                       
00000063  UCA0BR1                       
00000060  UCA0CTL0                      
00000061  UCA0CTL1                      
0000005f  UCA0IRRCTL                    
0000005e  UCA0IRTCTL                    
00000064  UCA0MCTL                      
00000066  UCA0RXBUF                     
00000065  UCA0STAT                      
00000067  UCA0TXBUF                     
0000006a  UCB0BR0                       
0000006b  UCB0BR1                       
00000068  UCB0CTL0                      
00000069  UCB0CTL1                      
0000006c  UCB0I2CIE                     
00000118  UCB0I2COA                     
0000011a  UCB0I2CSA                     
0000006e  UCB0RXBUF                     
0000006d  UCB0STAT                      
0000006f  UCB0TXBUF                     
0000d148  USCI0RX_ISR                   
0000d1de  Uputs                         
00000120  WDTCTL                        
00000400  __STACK_END                   
00000050  __STACK_SIZE                  
0000d530  __TI_CINIT_Base               
0000d538  __TI_CINIT_Limit              
0000d526  __TI_Handler_Table_Base       
0000d52c  __TI_Handler_Table_Limit      
0000d2fa  __TI_ISR_TRAP                 
0000d018  __TI_auto_init_nobinit_nopinit
0000ce32  __TI_decompress_lzss          
0000d284  __TI_decompress_none          
0000ffe0  __TI_int00                    
0000ffe4  __TI_int02                    
0000ffe6  __TI_int03                    
0000ffea  __TI_int05                    
0000ffec  __TI_int06                    
0000ffee  __TI_int07                    
0000fff0  __TI_int08                    
0000fff2  __TI_int09                    
0000fff4  __TI_int10                    
0000fff6  __TI_int11                    
0000fff8  __TI_int12                    
0000fffa  __TI_int13                    
0000fffc  __TI_int14                    
ffffffff  __TI_pprof_out_hndl           
ffffffff  __TI_prof_data_size           
ffffffff  __TI_prof_data_start          
0000d270  __TI_zero_init_nomemset       
ffffffff  __c_args__                    
0000d0f0  __mspabi_divi                 
0000d244  __mspabi_divu                 
0000d2e8  __mspabi_func_epilog_1        
0000d2e6  __mspabi_func_epilog_2        
0000d2e4  __mspabi_func_epilog_3        
0000d2e2  __mspabi_func_epilog_4        
0000d2e0  __mspabi_func_epilog_5        
0000d2de  __mspabi_func_epilog_6        
0000d2dc  __mspabi_func_epilog_7        
0000d0f0  __mspabi_remi                 
0000d244  __mspabi_remu                 
0000d11c  __mspabi_slli                 
0000d144  __mspabi_slli_1               
0000d132  __mspabi_slli_10              
0000d130  __mspabi_slli_11              
0000d12e  __mspabi_slli_12              
0000d12c  __mspabi_slli_13              
0000d12a  __mspabi_slli_14              
0000d128  __mspabi_slli_15              
0000d142  __mspabi_slli_2               
0000d140  __mspabi_slli_3               
0000d13e  __mspabi_slli_4               
0000d13c  __mspabi_slli_5               
0000d13a  __mspabi_slli_6               
0000d138  __mspabi_slli_7               
0000d136  __mspabi_slli_8               
0000d134  __mspabi_slli_9               
0000cfcc  __mspabi_srli                 
0000d012  __mspabi_srli_1               
0000cfee  __mspabi_srli_10              
0000cfea  __mspabi_srli_11              
0000cfe6  __mspabi_srli_12              
0000cfe2  __mspabi_srli_13              
0000cfde  __mspabi_srli_14              
0000cfda  __mspabi_srli_15              
0000d00e  __mspabi_srli_2               
0000d00a  __mspabi_srli_3               
0000d006  __mspabi_srli_4               
0000d002  __mspabi_srli_5               
0000cffe  __mspabi_srli_6               
0000cffa  __mspabi_srli_7               
0000cff6  __mspabi_srli_8               
0000cff2  __mspabi_srli_9               
0000d1fc  _c_int00_noargs               
0000fffe  _reset_vector                 
000003b0  _stack                        
0000d30c  _system_post_cinit            
0000d308  _system_pre_init              
0000d302  abort                         
0000cdac  ayik                          
000002a0  boy                           
000002a2  boy2                          
0000d198  clear                         
0000d218  clearlcd                      
0000cf7c  command                       
000002a6  counter                       
00000264  crcarr                        
00000200  emre                          
0000d22e  enable                        
000002a8  findch                        
0000d05a  gotoxy                        
0000d296  initClockTo16MHz              
0000d2a8  initGPIO                      
0000d1bc  initUART                      
0000ceae  initialize                    
0000d2cc  lcd_busy                      
0000c000  main                          
0000d2ba  memcpy                        
00000278  rev                           
000002a4  rx                            
000002aa  say                           
000002ac  say1                          
000002ae  say2                          
000002b0  say3                          
0000d2ec  sendData                      
0000cf28  send_data                     
0000028c  son                           
0000d0c0  three_wire_control            
0000d25a  write                         
0000d08e  yaz                           
0000d172  yaz2                          


GLOBAL SYMBOLS: SORTED BY Symbol Address 

address   name                          
-------   ----                          
00000000  IE1                           
00000001  IE2                           
00000002  IFG1                          
00000003  IFG2                          
00000010  P3REN                         
00000018  P3IN                          
00000019  P3OUT                         
0000001a  P3DIR                         
0000001b  P3SEL                         
00000020  P1IN                          
00000021  P1OUT                         
00000022  P1DIR                         
00000023  P1IFG                         
00000024  P1IES                         
00000025  P1IE                          
00000026  P1SEL                         
00000027  P1REN                         
00000028  P2IN                          
00000029  P2OUT                         
0000002a  P2DIR                         
0000002b  P2IFG                         
0000002c  P2IES                         
0000002d  P2IE                          
0000002e  P2SEL                         
0000002f  P2REN                         
00000041  P1SEL2                        
00000042  P2SEL2                        
00000043  P3SEL2                        
00000048  ADC10DTC0                     
00000049  ADC10DTC1                     
0000004a  ADC10AE0                      
00000050  __STACK_SIZE                  
00000053  BCSCTL3                       
00000056  DCOCTL                        
00000057  BCSCTL1                       
00000058  BCSCTL2                       
00000059  CACTL1                        
0000005a  CACTL2                        
0000005b  CAPD                          
0000005d  UCA0ABCTL                     
0000005e  UCA0IRTCTL                    
0000005f  UCA0IRRCTL                    
00000060  UCA0CTL0                      
00000061  UCA0CTL1                      
00000062  UCA0BR0                       
00000063  UCA0BR1                       
00000064  UCA0MCTL                      
00000065  UCA0STAT                      
00000066  UCA0RXBUF                     
00000067  UCA0TXBUF                     
00000068  UCB0CTL0                      
00000069  UCB0CTL1                      
0000006a  UCB0BR0                       
0000006b  UCB0BR1                       
0000006c  UCB0I2CIE                     
0000006d  UCB0STAT                      
0000006e  UCB0RXBUF                     
0000006f  UCB0TXBUF                     
00000118  UCB0I2COA                     
0000011a  UCB0I2CSA                     
0000011e  TA1IV                         
00000120  WDTCTL                        
00000128  FCTL1                         
0000012a  FCTL2                         
0000012c  FCTL3                         
0000012e  TA0IV                         
00000160  TA0CTL                        
00000162  TA0CCTL0                      
00000164  TA0CCTL1                      
00000166  TA0CCTL2                      
00000170  TA0R                          
00000172  TA0CCR0                       
00000174  TA0CCR1                       
00000176  TA0CCR2                       
00000180  TA1CTL                        
00000182  TA1CCTL0                      
00000184  TA1CCTL1                      
00000186  TA1CCTL2                      
00000190  TA1R                          
00000192  TA1CCR0                       
00000194  TA1CCR1                       
00000196  TA1CCR2                       
000001b0  ADC10CTL0                     
000001b2  ADC10CTL1                     
000001b4  ADC10MEM                      
000001bc  ADC10SA                       
00000200  emre                          
00000264  crcarr                        
00000278  rev                           
0000028c  son                           
000002a0  boy                           
000002a2  boy2                          
000002a4  rx                            
000002a6  counter                       
000002a8  findch                        
000002aa  say                           
000002ac  say1                          
000002ae  say2                          
000002b0  say3                          
000003b0  _stack                        
00000400  __STACK_END                   
000010c0  TLV_CHECKSUM                  
000010da  TLV_ADC10_1_TAG               
000010db  TLV_ADC10_1_LEN               
000010f6  TLV_DCO_30_TAG                
000010f7  TLV_DCO_30_LEN                
000010f8  CALDCO_16MHZ                  
000010f9  CALBC1_16MHZ                  
000010fa  CALDCO_12MHZ                  
000010fb  CALBC1_12MHZ                  
000010fc  CALDCO_8MHZ                   
000010fd  CALBC1_8MHZ                   
000010fe  CALDCO_1MHZ                   
000010ff  CALBC1_1MHZ                   
0000c000  main                          
0000cdac  ayik                          
0000ce32  __TI_decompress_lzss          
0000ceae  initialize                    
0000cf28  send_data                     
0000cf7c  command                       
0000cfcc  __mspabi_srli                 
0000cfda  __mspabi_srli_15              
0000cfde  __mspabi_srli_14              
0000cfe2  __mspabi_srli_13              
0000cfe6  __mspabi_srli_12              
0000cfea  __mspabi_srli_11              
0000cfee  __mspabi_srli_10              
0000cff2  __mspabi_srli_9               
0000cff6  __mspabi_srli_8               
0000cffa  __mspabi_srli_7               
0000cffe  __mspabi_srli_6               
0000d002  __mspabi_srli_5               
0000d006  __mspabi_srli_4               
0000d00a  __mspabi_srli_3               
0000d00e  __mspabi_srli_2               
0000d012  __mspabi_srli_1               
0000d018  __TI_auto_init_nobinit_nopinit
0000d05a  gotoxy                        
0000d08e  yaz                           
0000d0c0  three_wire_control            
0000d0f0  __mspabi_divi                 
0000d0f0  __mspabi_remi                 
0000d11c  __mspabi_slli                 
0000d128  __mspabi_slli_15              
0000d12a  __mspabi_slli_14              
0000d12c  __mspabi_slli_13              
0000d12e  __mspabi_slli_12              
0000d130  __mspabi_slli_11              
0000d132  __mspabi_slli_10              
0000d134  __mspabi_slli_9               
0000d136  __mspabi_slli_8               
0000d138  __mspabi_slli_7               
0000d13a  __mspabi_slli_6               
0000d13c  __mspabi_slli_5               
0000d13e  __mspabi_slli_4               
0000d140  __mspabi_slli_3               
0000d142  __mspabi_slli_2               
0000d144  __mspabi_slli_1               
0000d148  USCI0RX_ISR                   
0000d172  yaz2                          
0000d198  clear                         
0000d1bc  initUART                      
0000d1de  Uputs                         
0000d1fc  _c_int00_noargs               
0000d218  clearlcd                      
0000d22e  enable                        
0000d244  __mspabi_divu                 
0000d244  __mspabi_remu                 
0000d25a  write                         
0000d270  __TI_zero_init_nomemset       
0000d284  __TI_decompress_none          
0000d296  initClockTo16MHz              
0000d2a8  initGPIO                      
0000d2ba  memcpy                        
0000d2cc  lcd_busy                      
0000d2dc  __mspabi_func_epilog_7        
0000d2de  __mspabi_func_epilog_6        
0000d2e0  __mspabi_func_epilog_5        
0000d2e2  __mspabi_func_epilog_4        
0000d2e4  __mspabi_func_epilog_3        
0000d2e6  __mspabi_func_epilog_2        
0000d2e8  __mspabi_func_epilog_1        
0000d2ec  sendData                      
0000d2fa  __TI_ISR_TRAP                 
0000d302  C$$EXIT                       
0000d302  abort                         
0000d308  _system_pre_init              
0000d30c  _system_post_cinit            
0000d526  __TI_Handler_Table_Base       
0000d52c  __TI_Handler_Table_Limit      
0000d530  __TI_CINIT_Base               
0000d538  __TI_CINIT_Limit              
0000ffe0  __TI_int00                    
0000ffe4  __TI_int02                    
0000ffe6  __TI_int03                    
0000ffea  __TI_int05                    
0000ffec  __TI_int06                    
0000ffee  __TI_int07                    
0000fff0  __TI_int08                    
0000fff2  __TI_int09                    
0000fff4  __TI_int10                    
0000fff6  __TI_int11                    
0000fff8  __TI_int12                    
0000fffa  __TI_int13                    
0000fffc  __TI_int14                    
0000fffe  _reset_vector                 
ffffffff  __TI_pprof_out_hndl           
ffffffff  __TI_prof_data_size           
ffffffff  __TI_prof_data_start          
ffffffff  __c_args__                    

[210 symbols]
